RUN_ID: 20261005_154319_925393_UTC | 원본 데이터에서 선택 모델만 새 학습
① 원본/시간축/17개 A 특성 PASS
② ML 라이브러리 준비 완료

③ 원본: (6168, 18) | 오류 시간: 48 | peak: 176.0
④ Feature 수: {'CORE': 18, 'CORE_PLUS': 35, 'HISTORY': 52}
⑤ B2와 동일한 156개 peak 재현 성공

⑥ CV coverage
 fold  train_n  eval_n  train_peak  eval_peak
    1     2083     336         264         30
    2     2419     336         294          2
    3     2755     336         296         24
    4     3091     336         320         11
    5     3427     336         331         24
    6     3763     336         355         62

⑦ 전체 후보: 68
② ML 라이브러리 준비 완료
③ 원본: (6168, 18) | invalid: 48
④ Dataset: 4099 878 | val peak: 156
⑤ 회귀 후보: 45
② 원본 B4R/B7 전처리와 시각축 PASS
③ 새 학습: ET_CORE_leaf1_none → 1757 시간
③ 새 학습: CAT_CORE_PLUS_d6_w1p0 → 1757 시간
③ 새 학습: LGB_Q85_CORE → 1757 시간
④ A11 주간 모델 1/12 완료 | 학습 4099 → 예측 168시간 | 0.3분
④ A11 주간 모델 2/12 완료 | 학습 4267 → 예측 168시간 | 0.6분
④ A11 주간 모델 3/12 완료 | 학습 4435 → 예측 72시간 | 0.8분
④ A11 주간 모델 4/12 완료 | 학습 4507 → 예측 120시간 | 1.1분
④ A11 주간 모델 5/12 완료 | 학습 4627 → 예측 168시간 | 1.4분
④ A11 주간 모델 6/12 완료 | 학습 4795 → 예측 168시간 | 1.7분
④ A11 주간 모델 7/12 완료 | 학습 4963 → 예측 168시간 | 2.0분
④ A11 주간 모델 8/12 완료 | 학습 5131 → 예측 168시간 | 2.4분
④ A11 주간 모델 9/12 완료 | 학습 5299 → 예측 168시간 | 2.7분
④ A11 주간 모델 10/12 완료 | 학습 5467 → 예측 168시간 | 3.1분
④ A11 주간 모델 11/12 완료 | 학습 5635 → 예측 168시간 | 3.5분
④ A11 주간 모델 12/12 완료 | 학습 5803 → 예측 53시간 | 4.0분

=== 8단계 최종 선택 모델 clean run ===
상태: PASS_SUBMISSION_RAW_TO_RESULTS | 원본부터 선택 모델 새 학습·추론 완료
A12 Later MAE: 5.54113 | fixed90 반경: 12.949531
A 예측: {'Validation': {'N': 878, 'A11_MAE': 4.71018, 'A12_MAE': 4.54758}, 'Later': {'N': 879, 'A11_MAE': 5.48315, 'A12_MAE': 5.54113}} | Later 구간 포함률: {'Later_fixed90': 0.9101251422070534, 'Later_online90': 0.9010238907849829}
    period        method  TP  FP  FN  TN     F1  Recall    FPR
Validation PriorHourPeak 106  49  50 673 0.6817  0.6795 0.0679
Validation       B5_FPR5 146  18  10 704 0.9125  0.9359 0.0249
Validation    B8_WARNING 148  21   8 701 0.9108  0.9487 0.0291
Validation   B11_support 152  43   4 679 0.8661  0.9744 0.0596
     Later PriorHourPeak 114  61  60 644 0.6533  0.6552 0.0865
     Later       B5_FPR5 152  40  22 665 0.8306  0.8736 0.0567
     Later    B8_WARNING 157  38  17 667 0.8509  0.9023 0.0539
     Later   B11_support 170  58   4 647 0.8458  0.9770 0.0823
운영: {'NORMAL': 649, 'WATCH': 35, 'WARNING': 195} | 자동제어: 0건
저장: /home/kampuser/KAMP_TEST/outputs/RUN_20261005_154319_925393_UTC
소요(분): 4.09
